erro; error(instantiation_error,context(system: (=..)/2,_G1238))
